/Users/ishankrishna9/india-geopolitical-risk-monitor/.venv/lib/python3.9/site-packages/urllib3/__init__.py:35: NotOpenSSLWarning: urllib3 v2 only supports OpenSSL 1.1.1+, currently the 'ssl' module is compiled with 'LibreSSL 2.8.3'. See: https://github.com/urllib3/urllib3/issues/3020
  warnings.warn(
[ngrams] sampling 2026-08-02
[ngrams] healed 1 day(s) into gdelt_volume.csv
/Users/ishankrishna9/india-geopolitical-risk-monitor/.venv/lib/python3.9/site-packages/urllib3/__init__.py:35: NotOpenSSLWarning: urllib3 v2 only supports OpenSSL 1.1.1+, currently the 'ssl' module is compiled with 'LibreSSL 2.8.3'. See: https://github.com/urllib3/urllib3/issues/3020
  warnings.warn(
[1/5] GDELT volumes
[gdelt] pakistan_west: 2026-07-20 -> 2026-08-03
[gdelt] china_east: 2026-07-20 -> 2026-08-03
[gdelt] gulf_energy: 2026-07-20 -> 2026-08-03
[warn] DOC API unavailable (GDELT fetch failed after 6 attempts for 2026-07-20..2026-08-03. Last error: HTTP 429 rate limit: Please limit requests to one every 5 seconds or contact kalev.leetaru5@gmail.com for larger queries. All high-traffic users should switch to our ngram); using ngram-healed store
[2/5] Markets
[3/5] Index + episodes
[4/5] Event study
[5/5] Publish
[render] wrote docs/methodology.html (converted, not generated)
[render] wrote docs/codebook.html (converted, not generated)
[render] wrote docs/corrections.html (converted, not generated)
[render] wrote notes.json (1 notes) and feed.xml
[render] baked today's numbers into index.html (static floor)
[done] site data written to docs/data/
PASS latest composite 72.9 == mean(channels) 72.94
PASS gauge 54.9 == weighted components 54.85
PASS comparator india latest 42.4 @ 2026-07-27
PASS comparator pakistan latest 52.1 @ 2026-07-27
PASS comparator indonesia latest 47.8 @ 2026-07-27
PASS comparator vietnam latest 57.7 @ 2026-07-27
PASS map PAK n 156582 == dyad sum 156582
PASS map CHN n 95799 == dyad sum 95799
PASS map USA n 219617 == dyad sum 219617
PASS chokepoint hormuz arrays consistent (392)
PASS chokepoint bab_el_mandeb arrays consistent (392)
PASS chokepoint suez arrays consistent (392)
PASS chokepoint malacca arrays consistent (391)
[audit] all dual computations agree
From https://github.com/PlausibleDissent9/india-geopolitical-risk-monitor
 * branch            main       -> FETCH_HEAD
To https://github.com/PlausibleDissent9/india-geopolitical-risk-monitor.git
   3ea5fdb..a9f4bdf  main -> main
