/Users/ishankrishna9/india-geopolitical-risk-monitor/.venv/lib/python3.9/site-packages/urllib3/__init__.py:35: NotOpenSSLWarning: urllib3 v2 only supports OpenSSL 1.1.1+, currently the 'ssl' module is compiled with 'LibreSSL 2.8.3'. See: https://github.com/urllib3/urllib3/issues/3020
  warnings.warn(
/Users/ishankrishna9/india-geopolitical-risk-monitor/.venv/lib/python3.9/site-packages/urllib3/__init__.py:35: NotOpenSSLWarning: urllib3 v2 only supports OpenSSL 1.1.1+, currently the 'ssl' module is compiled with 'LibreSSL 2.8.3'. See: https://github.com/urllib3/urllib3/issues/3020
  warnings.warn(
Traceback (most recent call last):
  File "/Users/ishankrishna9/india-geopolitical-risk-monitor/src/fetch_gdelt.py", line 198, in _fetch_query_series
    rows = _fetch_chunk(query, cur, chunk_end,
  File "/Users/ishankrishna9/india-geopolitical-risk-monitor/src/fetch_gdelt.py", line 123, in _fetch_chunk
    rows = _fetch_chunk_network(query, start, end, mode, retries)
  File "/Users/ishankrishna9/india-geopolitical-risk-monitor/src/fetch_gdelt.py", line 168, in _fetch_chunk_network
    raise RuntimeError(
RuntimeError: GDELT fetch failed after 6 attempts for 2019-01-01..2026-06-30. Last error: HTTP 429 rate limit: Please limit requests to one every 5 seconds or contact kalev.leetaru5@gmail.com for larger queries. All high-traffic users should switch to our ngram

During handling of the above exception, another exception occurred:

Traceback (most recent call last):
  File "/Library/Developer/CommandLineTools/Library/Frameworks/Python3.framework/Versions/3.9/lib/python3.9/runpy.py", line 197, in _run_module_as_main
    return _run_code(code, main_globals, None,
  File "/Library/Developer/CommandLineTools/Library/Frameworks/Python3.framework/Versions/3.9/lib/python3.9/runpy.py", line 87, in _run_code
    exec(code, run_globals)
  File "/Users/ishankrishna9/india-geopolitical-risk-monitor/src/multilingual.py", line 150, in <module>
    main()
  File "/Users/ishankrishna9/india-geopolitical-risk-monitor/src/multilingual.py", line 141, in main
    update(backfill=args.backfill)
  File "/Users/ishankrishna9/india-geopolitical-risk-monitor/src/multilingual.py", line 68, in update
    cols[key] = fetch_gdelt.fetch_channel(
  File "/Users/ishankrishna9/india-geopolitical-risk-monitor/src/fetch_gdelt.py", line 247, in fetch_channel
    parts = [
  File "/Users/ishankrishna9/india-geopolitical-risk-monitor/src/fetch_gdelt.py", line 249, in <listcomp>
    if not (s := _fetch_query_series(q + query_suffix, start, end)).empty
  File "/Users/ishankrishna9/india-geopolitical-risk-monitor/src/fetch_gdelt.py", line 221, in _fetch_query_series
    rows.extend(_fetch_chunk(query, sub, sub_end))
  File "/Users/ishankrishna9/india-geopolitical-risk-monitor/src/fetch_gdelt.py", line 123, in _fetch_chunk
    rows = _fetch_chunk_network(query, start, end, mode, retries)
  File "/Users/ishankrishna9/india-geopolitical-risk-monitor/src/fetch_gdelt.py", line 168, in _fetch_chunk_network
    raise RuntimeError(
RuntimeError: GDELT fetch failed after 6 attempts for 2019-01-01..2019-12-31. Last error: HTTP 429 rate limit: Please limit requests to one every 5 seconds or contact kalev.leetaru5@gmail.com for larger queries. All high-traffic users should switch to our ngram
[multilingual] pakistan_west_hin: 2019-01-01 -> 2026-08-01
[gdelt] tail 2026-07-01..2026-08-01 unavailable; keeping the data already fetched
[multilingual] pakistan_west_urd: 2019-01-01 -> 2026-08-01
[gdelt] wide chunk refused; retrying 2019-01-01..2026-06-30 in yearly slices
[gdelt] wide chunk refused; retrying 2019-01-01..2026-06-30 in yearly slices
/Users/ishankrishna9/india-geopolitical-risk-monitor/.venv/lib/python3.9/site-packages/urllib3/__init__.py:35: NotOpenSSLWarning: urllib3 v2 only supports OpenSSL 1.1.1+, currently the 'ssl' module is compiled with 'LibreSSL 2.8.3'. See: https://github.com/urllib3/urllib3/issues/3020
  warnings.warn(
Traceback (most recent call last):
  File "/Users/ishankrishna9/india-geopolitical-risk-monitor/src/fetch_gdelt.py", line 198, in _fetch_query_series
    rows = _fetch_chunk(query, cur, chunk_end,
  File "/Users/ishankrishna9/india-geopolitical-risk-monitor/src/fetch_gdelt.py", line 123, in _fetch_chunk
    rows = _fetch_chunk_network(query, start, end, mode, retries)
  File "/Users/ishankrishna9/india-geopolitical-risk-monitor/src/fetch_gdelt.py", line 168, in _fetch_chunk_network
    raise RuntimeError(
RuntimeError: GDELT fetch failed after 6 attempts for 2019-01-01..2026-06-30. Last error: HTTP 429 rate limit: Please limit requests to one every 5 seconds or contact kalev.leetaru5@gmail.com for larger queries. All high-traffic users should switch to our ngram

During handling of the above exception, another exception occurred:

Traceback (most recent call last):
  File "/Library/Developer/CommandLineTools/Library/Frameworks/Python3.framework/Versions/3.9/lib/python3.9/runpy.py", line 197, in _run_module_as_main
    return _run_code(code, main_globals, None,
  File "/Library/Developer/CommandLineTools/Library/Frameworks/Python3.framework/Versions/3.9/lib/python3.9/runpy.py", line 87, in _run_code
    exec(code, run_globals)
  File "/Users/ishankrishna9/india-geopolitical-risk-monitor/src/multilingual.py", line 150, in <module>
    main()
  File "/Users/ishankrishna9/india-geopolitical-risk-monitor/src/multilingual.py", line 141, in main
    update(backfill=args.backfill)
  File "/Users/ishankrishna9/india-geopolitical-risk-monitor/src/multilingual.py", line 68, in update
    cols[key] = fetch_gdelt.fetch_channel(
  File "/Users/ishankrishna9/india-geopolitical-risk-monitor/src/fetch_gdelt.py", line 247, in fetch_channel
    parts = [
  File "/Users/ishankrishna9/india-geopolitical-risk-monitor/src/fetch_gdelt.py", line 249, in <listcomp>
    if not (s := _fetch_query_series(q + query_suffix, start, end)).empty
  File "/Users/ishankrishna9/india-geopolitical-risk-monitor/src/fetch_gdelt.py", line 221, in _fetch_query_series
    rows.extend(_fetch_chunk(query, sub, sub_end))
  File "/Users/ishankrishna9/india-geopolitical-risk-monitor/src/fetch_gdelt.py", line 123, in _fetch_chunk
    rows = _fetch_chunk_network(query, start, end, mode, retries)
  File "/Users/ishankrishna9/india-geopolitical-risk-monitor/src/fetch_gdelt.py", line 168, in _fetch_chunk_network
    raise RuntimeError(
RuntimeError: GDELT fetch failed after 6 attempts for 2019-01-01..2019-12-31. Last error: HTTP 429 rate limit: Please limit requests to one every 5 seconds or contact kalev.leetaru5@gmail.com for larger queries. All high-traffic users should switch to our ngram
[multilingual] pakistan_west_hin: 2019-01-01 -> 2026-08-01
[gdelt] tail 2026-07-01..2026-08-01 unavailable; keeping the data already fetched
[gdelt] tail 2026-07-01..2026-08-01 unavailable; keeping the data already fetched
[multilingual] pakistan_west_urd: 2019-01-01 -> 2026-08-01
[gdelt] wide chunk refused; retrying 2019-01-01..2026-06-30 in yearly slices
/Users/ishankrishna9/india-geopolitical-risk-monitor/.venv/lib/python3.9/site-packages/urllib3/__init__.py:35: NotOpenSSLWarning: urllib3 v2 only supports OpenSSL 1.1.1+, currently the 'ssl' module is compiled with 'LibreSSL 2.8.3'. See: https://github.com/urllib3/urllib3/issues/3020
  warnings.warn(
Traceback (most recent call last):
  File "/Users/ishankrishna9/india-geopolitical-risk-monitor/src/fetch_gdelt.py", line 198, in _fetch_query_series
    rows = _fetch_chunk(query, cur, chunk_end,
  File "/Users/ishankrishna9/india-geopolitical-risk-monitor/src/fetch_gdelt.py", line 123, in _fetch_chunk
    rows = _fetch_chunk_network(query, start, end, mode, retries)
  File "/Users/ishankrishna9/india-geopolitical-risk-monitor/src/fetch_gdelt.py", line 168, in _fetch_chunk_network
    raise RuntimeError(
RuntimeError: GDELT fetch failed after 6 attempts for 2019-01-01..2026-06-30. Last error: HTTP 429 rate limit: Please limit requests to one every 5 seconds or contact kalev.leetaru5@gmail.com for larger queries. All high-traffic users should switch to our ngram

During handling of the above exception, another exception occurred:

Traceback (most recent call last):
  File "/Library/Developer/CommandLineTools/Library/Frameworks/Python3.framework/Versions/3.9/lib/python3.9/runpy.py", line 197, in _run_module_as_main
    return _run_code(code, main_globals, None,
  File "/Library/Developer/CommandLineTools/Library/Frameworks/Python3.framework/Versions/3.9/lib/python3.9/runpy.py", line 87, in _run_code
    exec(code, run_globals)
  File "/Users/ishankrishna9/india-geopolitical-risk-monitor/src/multilingual.py", line 150, in <module>
    main()
  File "/Users/ishankrishna9/india-geopolitical-risk-monitor/src/multilingual.py", line 141, in main
    update(backfill=args.backfill)
  File "/Users/ishankrishna9/india-geopolitical-risk-monitor/src/multilingual.py", line 68, in update
    cols[key] = fetch_gdelt.fetch_channel(
  File "/Users/ishankrishna9/india-geopolitical-risk-monitor/src/fetch_gdelt.py", line 247, in fetch_channel
    parts = [
  File "/Users/ishankrishna9/india-geopolitical-risk-monitor/src/fetch_gdelt.py", line 249, in <listcomp>
    if not (s := _fetch_query_series(q + query_suffix, start, end)).empty
  File "/Users/ishankrishna9/india-geopolitical-risk-monitor/src/fetch_gdelt.py", line 221, in _fetch_query_series
    rows.extend(_fetch_chunk(query, sub, sub_end))
  File "/Users/ishankrishna9/india-geopolitical-risk-monitor/src/fetch_gdelt.py", line 123, in _fetch_chunk
    rows = _fetch_chunk_network(query, start, end, mode, retries)
  File "/Users/ishankrishna9/india-geopolitical-risk-monitor/src/fetch_gdelt.py", line 168, in _fetch_chunk_network
    raise RuntimeError(
RuntimeError: GDELT fetch failed after 6 attempts for 2019-01-01..2019-12-31. Last error: HTTP 429 rate limit: Please limit requests to one every 5 seconds or contact kalev.leetaru5@gmail.com for larger queries. All high-traffic users should switch to our ngram
[multilingual] pakistan_west_hin: 2019-01-01 -> 2026-08-01
[multilingual] pakistan_west_urd: 2019-01-01 -> 2026-08-01
[gdelt] tail 2026-07-01..2026-08-01 unavailable; keeping the data already fetched
[gdelt] tail 2026-07-01..2026-08-01 unavailable; keeping the data already fetched
[multilingual] pakistan_west_zho: 2019-01-01 -> 2026-08-01
[multilingual] china_east_hin: 2019-01-01 -> 2026-08-01
[gdelt] tail 2026-07-01..2026-08-01 unavailable; keeping the data already fetched
[multilingual] china_east_urd: 2019-01-01 -> 2026-08-01
[gdelt] tail 2026-07-01..2026-08-01 unavailable; keeping the data already fetched
[multilingual] china_east_zho: 2019-01-01 -> 2026-08-01
[gdelt] tail 2026-07-01..2026-08-01 unavailable; keeping the data already fetched
[multilingual] gulf_energy_hin: 2019-01-01 -> 2026-08-01
[gdelt] wide chunk refused; retrying 2019-01-01..2026-06-30 in yearly slices
/Users/ishankrishna9/india-geopolitical-risk-monitor/.venv/lib/python3.9/site-packages/urllib3/__init__.py:35: NotOpenSSLWarning: urllib3 v2 only supports OpenSSL 1.1.1+, currently the 'ssl' module is compiled with 'LibreSSL 2.8.3'. See: https://github.com/urllib3/urllib3/issues/3020
  warnings.warn(
Traceback (most recent call last):
  File "/Users/ishankrishna9/india-geopolitical-risk-monitor/src/fetch_gdelt.py", line 198, in _fetch_query_series
    rows = _fetch_chunk(query, cur, chunk_end,
  File "/Users/ishankrishna9/india-geopolitical-risk-monitor/src/fetch_gdelt.py", line 123, in _fetch_chunk
    rows = _fetch_chunk_network(query, start, end, mode, retries)
  File "/Users/ishankrishna9/india-geopolitical-risk-monitor/src/fetch_gdelt.py", line 168, in _fetch_chunk_network
    raise RuntimeError(
RuntimeError: GDELT fetch failed after 6 attempts for 2019-01-01..2026-06-30. Last error: HTTP 429 rate limit: Please limit requests to one every 5 seconds or contact kalev.leetaru5@gmail.com for larger queries. All high-traffic users should switch to our ngram

During handling of the above exception, another exception occurred:

Traceback (most recent call last):
  File "/Library/Developer/CommandLineTools/Library/Frameworks/Python3.framework/Versions/3.9/lib/python3.9/runpy.py", line 197, in _run_module_as_main
    return _run_code(code, main_globals, None,
  File "/Library/Developer/CommandLineTools/Library/Frameworks/Python3.framework/Versions/3.9/lib/python3.9/runpy.py", line 87, in _run_code
    exec(code, run_globals)
  File "/Users/ishankrishna9/india-geopolitical-risk-monitor/src/multilingual.py", line 150, in <module>
    main()
  File "/Users/ishankrishna9/india-geopolitical-risk-monitor/src/multilingual.py", line 141, in main
    update(backfill=args.backfill)
  File "/Users/ishankrishna9/india-geopolitical-risk-monitor/src/multilingual.py", line 68, in update
    cols[key] = fetch_gdelt.fetch_channel(
  File "/Users/ishankrishna9/india-geopolitical-risk-monitor/src/fetch_gdelt.py", line 247, in fetch_channel
    parts = [
  File "/Users/ishankrishna9/india-geopolitical-risk-monitor/src/fetch_gdelt.py", line 249, in <listcomp>
    if not (s := _fetch_query_series(q + query_suffix, start, end)).empty
  File "/Users/ishankrishna9/india-geopolitical-risk-monitor/src/fetch_gdelt.py", line 221, in _fetch_query_series
    rows.extend(_fetch_chunk(query, sub, sub_end))
  File "/Users/ishankrishna9/india-geopolitical-risk-monitor/src/fetch_gdelt.py", line 123, in _fetch_chunk
    rows = _fetch_chunk_network(query, start, end, mode, retries)
  File "/Users/ishankrishna9/india-geopolitical-risk-monitor/src/fetch_gdelt.py", line 168, in _fetch_chunk_network
    raise RuntimeError(
RuntimeError: GDELT fetch failed after 6 attempts for 2019-01-01..2019-12-31. Last error: HTTP 429 rate limit: Please limit requests to one every 5 seconds or contact kalev.leetaru5@gmail.com for larger queries. All high-traffic users should switch to our ngram
[multilingual] pakistan_west_hin: 2019-01-01 -> 2026-08-01
[gdelt] tail 2026-07-01..2026-08-01 unavailable; keeping the data already fetched
[gdelt] tail 2026-07-01..2026-08-01 unavailable; keeping the data already fetched
[multilingual] pakistan_west_urd: 2019-01-01 -> 2026-08-01
[gdelt] tail 2026-07-01..2026-08-01 unavailable; keeping the data already fetched
[gdelt] tail 2026-07-01..2026-08-01 unavailable; keeping the data already fetched
[multilingual] pakistan_west_zho: 2019-01-01 -> 2026-08-01
[gdelt] tail 2026-07-01..2026-08-01 unavailable; keeping the data already fetched
[gdelt] tail 2026-07-01..2026-08-01 unavailable; keeping the data already fetched
[multilingual] china_east_hin: 2019-01-01 -> 2026-08-01
[multilingual] china_east_urd: 2019-01-01 -> 2026-08-01
[gdelt] tail 2026-07-01..2026-08-01 unavailable; keeping the data already fetched
[multilingual] china_east_zho: 2019-01-01 -> 2026-08-01
[multilingual] gulf_energy_hin: 2019-01-01 -> 2026-08-01
[gdelt] wide chunk refused; retrying 2019-01-01..2026-06-30 in yearly slices
/Users/ishankrishna9/india-geopolitical-risk-monitor/.venv/lib/python3.9/site-packages/urllib3/__init__.py:35: NotOpenSSLWarning: urllib3 v2 only supports OpenSSL 1.1.1+, currently the 'ssl' module is compiled with 'LibreSSL 2.8.3'. See: https://github.com/urllib3/urllib3/issues/3020
  warnings.warn(
