[reproduce] source: /Users/ishankrishna9/india-geopolitical-risk-monitor
[reproduce] workdir: /var/folders/y6/4cmnw9fd0kz7lbr3md86zsgh0000gn/T/tmp.gQrxVnxtcZ
WARNING: You are using pip version 21.2.4; however, version 26.0.1 is available.
You should consider upgrading via the '/private/var/folders/y6/4cmnw9fd0kz7lbr3md86zsgh0000gn/T/tmp.gQrxVnxtcZ/clone/.venv/bin/python3 -m pip install --upgrade pip' command.
[reproduce] copying raw-data cache from source checkout
..........................                                               [100%]
=============================== warnings summary ===============================
.venv/lib/python3.9/site-packages/urllib3/__init__.py:35
  /private/var/folders/y6/4cmnw9fd0kz7lbr3md86zsgh0000gn/T/tmp.gQrxVnxtcZ/clone/.venv/lib/python3.9/site-packages/urllib3/__init__.py:35: NotOpenSSLWarning: urllib3 v2 only supports OpenSSL 1.1.1+, currently the 'ssl' module is compiled with 'LibreSSL 2.8.3'. See: https://github.com/urllib3/urllib3/issues/3020
    warnings.warn(

tests/test_priced_risk.py::test_lead_lag_is_symmetric_in_length
  /private/var/folders/y6/4cmnw9fd0kz7lbr3md86zsgh0000gn/T/tmp.gQrxVnxtcZ/clone/.venv/lib/python3.9/site-packages/numpy/lib/_function_base_impl.py:2922: RuntimeWarning: invalid value encountered in divide
    c /= stddev[:, None]

tests/test_priced_risk.py::test_lead_lag_is_symmetric_in_length
  /private/var/folders/y6/4cmnw9fd0kz7lbr3md86zsgh0000gn/T/tmp.gQrxVnxtcZ/clone/.venv/lib/python3.9/site-packages/numpy/lib/_function_base_impl.py:2923: RuntimeWarning: invalid value encountered in divide
    c /= stddev[None, :]

-- Docs: https://docs.pytest.org/en/stable/how-to/capture-warnings.html
/private/var/folders/y6/4cmnw9fd0kz7lbr3md86zsgh0000gn/T/tmp.gQrxVnxtcZ/clone/.venv/lib/python3.9/site-packages/urllib3/__init__.py:35: NotOpenSSLWarning: urllib3 v2 only supports OpenSSL 1.1.1+, currently the 'ssl' module is compiled with 'LibreSSL 2.8.3'. See: https://github.com/urllib3/urllib3/issues/3020
  warnings.warn(
Traceback (most recent call last):
  File "/private/var/folders/y6/4cmnw9fd0kz7lbr3md86zsgh0000gn/T/tmp.gQrxVnxtcZ/clone/src/fetch_gdelt.py", line 198, in _fetch_query_series
    rows = _fetch_chunk(query, cur, chunk_end,
  File "/private/var/folders/y6/4cmnw9fd0kz7lbr3md86zsgh0000gn/T/tmp.gQrxVnxtcZ/clone/src/fetch_gdelt.py", line 123, in _fetch_chunk
    rows = _fetch_chunk_network(query, start, end, mode, retries)
  File "/private/var/folders/y6/4cmnw9fd0kz7lbr3md86zsgh0000gn/T/tmp.gQrxVnxtcZ/clone/src/fetch_gdelt.py", line 168, in _fetch_chunk_network
    raise RuntimeError(
RuntimeError: GDELT fetch failed after 6 attempts for 2017-01-01..2026-06-30. Last error: HTTP 429 rate limit: Please limit requests to one every 5 seconds or contact kalev.leetaru5@gmail.com for larger queries. All high-traffic users should switch to our ngram

During handling of the above exception, another exception occurred:

Traceback (most recent call last):
  File "/Library/Developer/CommandLineTools/Library/Frameworks/Python3.framework/Versions/3.9/lib/python3.9/runpy.py", line 197, in _run_module_as_main
    return _run_code(code, main_globals, None,
  File "/Library/Developer/CommandLineTools/Library/Frameworks/Python3.framework/Versions/3.9/lib/python3.9/runpy.py", line 87, in _run_code
    exec(code, run_globals)
  File "/private/var/folders/y6/4cmnw9fd0kz7lbr3md86zsgh0000gn/T/tmp.gQrxVnxtcZ/clone/src/run_daily.py", line 136, in <module>
    main()
  File "/private/var/folders/y6/4cmnw9fd0kz7lbr3md86zsgh0000gn/T/tmp.gQrxVnxtcZ/clone/src/run_daily.py", line 102, in main
    volume = fetch_gdelt.load_or_update(dictionaries, backfill_from=backfill_from)
  File "/private/var/folders/y6/4cmnw9fd0kz7lbr3md86zsgh0000gn/T/tmp.gQrxVnxtcZ/clone/src/fetch_gdelt.py", line 346, in load_or_update
    fetched = fetch_all(dictionaries, backfill_from, today)
  File "/private/var/folders/y6/4cmnw9fd0kz7lbr3md86zsgh0000gn/T/tmp.gQrxVnxtcZ/clone/src/fetch_gdelt.py", line 329, in fetch_all
    cols[ch] = fetch_channel(spec["terms"], start, end, spec.get("anchor"))
  File "/private/var/folders/y6/4cmnw9fd0kz7lbr3md86zsgh0000gn/T/tmp.gQrxVnxtcZ/clone/src/fetch_gdelt.py", line 247, in fetch_channel
    parts = [
  File "/private/var/folders/y6/4cmnw9fd0kz7lbr3md86zsgh0000gn/T/tmp.gQrxVnxtcZ/clone/src/fetch_gdelt.py", line 249, in <listcomp>
    if not (s := _fetch_query_series(q + query_suffix, start, end)).empty
  File "/private/var/folders/y6/4cmnw9fd0kz7lbr3md86zsgh0000gn/T/tmp.gQrxVnxtcZ/clone/src/fetch_gdelt.py", line 221, in _fetch_query_series
    rows.extend(_fetch_chunk(query, sub, sub_end))
  File "/private/var/folders/y6/4cmnw9fd0kz7lbr3md86zsgh0000gn/T/tmp.gQrxVnxtcZ/clone/src/fetch_gdelt.py", line 123, in _fetch_chunk
    rows = _fetch_chunk_network(query, start, end, mode, retries)
  File "/private/var/folders/y6/4cmnw9fd0kz7lbr3md86zsgh0000gn/T/tmp.gQrxVnxtcZ/clone/src/fetch_gdelt.py", line 168, in _fetch_chunk_network
    raise RuntimeError(
RuntimeError: GDELT fetch failed after 6 attempts for 2017-01-01..2017-12-31. Last error: Expecting value: line 1 column 1 (char 0)
[1/5] GDELT volumes
[gdelt] pakistan_west: 2017-01-01 -> 2026-08-01
[gdelt] tail 2026-07-01..2026-08-01 unavailable; keeping the data already fetched
[gdelt] tail 2026-07-01..2026-08-01 unavailable; keeping the data already fetched
[gdelt] china_east: 2017-01-01 -> 2026-08-01
[gdelt] gulf_energy: 2017-01-01 -> 2026-08-01
[gdelt] tail 2026-07-01..2026-08-01 unavailable; keeping the data already fetched
[gdelt] wide chunk refused; retrying 2017-01-01..2026-06-30 in yearly slices
